Admin and customer runtime now use one authoritative configuration path.
Unified source/deployment validation contract installed.
finalize_exit=0
app_check_exit=0
api_check_exit=0
task_status_check_exit=0
qualification_check_exit=0

> test
> npm run validate && node scripts/build-static.mjs && node scripts/validate-final-completion.mjs


> validate
> node scripts/validate-production.mjs && node scripts/validate-deployment.mjs

Earn Chat structural production validation passed.
Checked 33 required files and 19 JavaScript modules across configuration, customer runtime, Admin, chat, task restart, withdrawals, KYC, security, routing and copy-only deployment.
Earn Chat deployment configuration validation passed.
Static deployment bundle copied from authoritative source without behavior rewrites.
Final completion validation failed with 5 issue(s):
- Country-neutral first paint missing: id="preview-balance">—
- Country-neutral first paint missing: id="landing-chat">—
- Country-neutral first paint missing: id="home-work">—
- Country-neutral first paint missing: id="withdraw-available">—
- Kenyan first paint can expose Naira: id="preview-balance">₦
npm_test_exit=1
